// Jest Snapshot v1, https://goo.gl/fbAQLP

exports[`\`HTML\` asset generator renders HTML correctly with prefix and tag name options 1`] = `
"<!DOCTYPE html>
<html lang=\\"en\\">
<head>
    <meta charset=\\"UTF-8\\">
    <title>test-font</title>

    <style>
        body {
            font-family: sans-serif;
            margin: 0;
            padding: 10px 20px;
            text-align: center;
        }
        .preview {
            width: 100px;
            display: inline-block;
            margin: 10px;
        }
        .preview .inner {
            display: inline-block;
            width: 100%;
            text-align: center;
            background: #f5f5f5;
            -webkit-border-radius: 3px 3px 0 0;
            -moz-border-radius: 3px 3px 0 0;
            border-radius: 3px 3px 0 0;
        }
        .preview .inner  {
            line-height: 85px;
            font-size: 40px;
            color: #333;
        }
        .label {
            display: inline-block;
            width: 100%;
            box-sizing: border-box;
            padding: 5px;
            font-size: 10px;
            font-family: Monaco, monospace;
            color: #666;
            white-space: nowrap;
            overflow: hidden;
            text-overflow: ellipsis;
            background: #ddd;
            -webkit-border-radius: 0 0 3px 3px;
            -moz-border-radius: 0 0 3px 3px;
            border-radius: 0 0 3px 3px;
            color: #666;
        }
    </style>

    <link rel=\\"preload\\" href=\\"/fonts/bootstrap-icons.woff2\\" as=\\"font\\" type=\\"font/woff2\\" crossorigin>

    <link rel=\\"stylesheet\\" type=\\"text/css\\" href=\\"test-font.css\\" />
</head>
<body>

    <h1>test-font</h1>


        <div class=\\"preview\\">
            <span class=\\"inner\\">
                <b class=\\"tf tf-my-icon\\"></b>
            </span>
            <br>
            <span class='label'>my-icon</span>
        </div>


</body>
</html>
"
`;
